// Jest Snapshot v1, https://goo.gl/fbAQLP

exports[`Header component renders correctly 1`] = `
ShallowWrapper {
  Symbol(enzyme.__root__): [Circular],
  Symbol(enzyme.__unrendered__): <Header />,
  Symbol(enzyme.__renderer__): Object {
    "batchedUpdates": [Function],
    "getNode": [Function],
    "render": [Function],
    "simulateError": [Function],
    "simulateEvent": [Function],
    "unmount": [Function],
  },
  Symbol(enzyme.__node__): Object {
    "instance": null,
    "key": undefined,
    "nodeType": "function",
    "props": Object {
      "children": Array [
        <nav
          className="navbar"
        >
          <div
            className="navbar-brand"
            to="/"
          >
            Keen.io use example
          </div>
        </nav>,
        <div
          className="btn-group"
          role="group"
        >
          <Link
            replace={false}
            to="/"
          >
            <button
              className="btn btn-info"
              type="button"
            >
              Home
            </button>
          </Link>
          <Link
            replace={false}
            to="/info"
          >
            <button
              className="btn btn-info"
              type="button"
            >
              Info
            </button>
          </Link>
          <Link
            replace={false}
            to="/about"
          >
            <button
              className="btn btn-info"
              type="button"
            >
              About
            </button>
          </Link>
          <Link
            replace={false}
            to="/pricing"
          >
            <button
              className="btn btn-info"
              type="button"
            >
              Pricing
            </button>
          </Link>
          <Link
            replace={false}
            to="/company"
          >
            <button
              className="btn btn-info"
              type="button"
            >
              Company
            </button>
          </Link>
          <Link
            replace={false}
            to="/documentation"
          >
            <button
              className="btn btn-info"
              type="button"
            >
              Documentation
            </button>
          </Link>
          <Link
            replace={false}
            to="/contact"
          >
            <button
              className="btn btn-info"
              type="button"
            >
              Contact
            </button>
          </Link>
        </div>,
      ],
    },
    "ref": null,
    "rendered": Array [
      Object {
        "instance": null,
        "key": undefined,
        "nodeType": "host",
        "props": Object {
          "children": <div
            className="navbar-brand"
            to="/"
          >
            Keen.io use example
          </div>,
          "className": "navbar",
        },
        "ref": null,
        "rendered": Object {
          "instance": null,
          "key": undefined,
          "nodeType": "host",
          "props": Object {
            "children": "Keen.io use example",
            "className": "navbar-brand",
            "to": "/",
          },
          "ref": null,
          "rendered": "Keen.io use example",
          "type": "div",
        },
        "type": "nav",
      },
      Object {
        "instance": null,
        "key": undefined,
        "nodeType": "host",
        "props": Object {
          "children": Array [
            <Link
              replace={false}
              to="/"
            >
              <button
                className="btn btn-info"
                type="button"
              >
                Home
              </button>
            </Link>,
            <Link
              replace={false}
              to="/info"
            >
              <button
                className="btn btn-info"
                type="button"
              >
                Info
              </button>
            </Link>,
            <Link
              replace={false}
              to="/about"
            >
              <button
                className="btn btn-info"
                type="button"
              >
                About
              </button>
            </Link>,
            <Link
              replace={false}
              to="/pricing"
            >
              <button
                className="btn btn-info"
                type="button"
              >
                Pricing
              </button>
            </Link>,
            <Link
              replace={false}
              to="/company"
            >
              <button
                className="btn btn-info"
                type="button"
              >
                Company
              </button>
            </Link>,
            <Link
              replace={false}
              to="/documentation"
            >
              <button
                className="btn btn-info"
                type="button"
              >
                Documentation
              </button>
            </Link>,
            <Link
              replace={false}
              to="/contact"
            >
              <button
                className="btn btn-info"
                type="button"
              >
                Contact
              </button>
            </Link>,
          ],
          "className": "btn-group",
          "role": "group",
        },
        "ref": null,
        "rendered": Array [
          Object {
            "instance": null,
            "key": undefined,
            "nodeType": "class",
            "props": Object {
              "children": <button
                className="btn btn-info"
                type="button"
              >
                Home
              </button>,
              "replace": false,
              "to": "/",
            },
            "ref": null,
            "rendered": Object {
              "instance": null,
              "key": undefined,
              "nodeType": "host",
              "props": Object {
                "children": "Home",
                "className": "btn btn-info",
                "type": "button",
              },
              "ref": null,
              "rendered": "Home",
              "type": "button",
            },
            "type": [Function],
          },
          Object {
            "instance": null,
            "key": undefined,
            "nodeType": "class",
            "props": Object {
              "children": <button
                className="btn btn-info"
                type="button"
              >
                Info
              </button>,
              "replace": false,
              "to": "/info",
            },
            "ref": null,
            "rendered": Object {
              "instance": null,
              "key": undefined,
              "nodeType": "host",
              "props": Object {
                "children": "Info",
                "className": "btn btn-info",
                "type": "button",
              },
              "ref": null,
              "rendered": "Info",
              "type": "button",
            },
            "type": [Function],
          },
          Object {
            "instance": null,
            "key": undefined,
            "nodeType": "class",
            "props": Object {
              "children": <button
                className="btn btn-info"
                type="button"
              >
                About
              </button>,
              "replace": false,
              "to": "/about",
            },
            "ref": null,
            "rendered": Object {
              "instance": null,
              "key": undefined,
              "nodeType": "host",
              "props": Object {
                "children": "About",
                "className": "btn btn-info",
                "type": "button",
              },
              "ref": null,
              "rendered": "About",
              "type": "button",
            },
            "type": [Function],
          },
          Object {
            "instance": null,
            "key": undefined,
            "nodeType": "class",
            "props": Object {
              "children": <button
                className="btn btn-info"
                type="button"
              >
                Pricing
              </button>,
              "replace": false,
              "to": "/pricing",
            },
            "ref": null,
            "rendered": Object {
              "instance": null,
              "key": undefined,
              "nodeType": "host",
              "props": Object {
                "children": "Pricing",
                "className": "btn btn-info",
                "type": "button",
              },
              "ref": null,
              "rendered": "Pricing",
              "type": "button",
            },
            "type": [Function],
          },
          Object {
            "instance": null,
            "key": undefined,
            "nodeType": "class",
            "props": Object {
              "children": <button
                className="btn btn-info"
                type="button"
              >
                Company
              </button>,
              "replace": false,
              "to": "/company",
            },
            "ref": null,
            "rendered": Object {
              "instance": null,
              "key": undefined,
              "nodeType": "host",
              "props": Object {
                "children": "Company",
                "className": "btn btn-info",
                "type": "button",
              },
              "ref": null,
              "rendered": "Company",
              "type": "button",
            },
            "type": [Function],
          },
          Object {
            "instance": null,
            "key": undefined,
            "nodeType": "class",
            "props": Object {
              "children": <button
                className="btn btn-info"
                type="button"
              >
                Documentation
              </button>,
              "replace": false,
              "to": "/documentation",
            },
            "ref": null,
            "rendered": Object {
              "instance": null,
              "key": undefined,
              "nodeType": "host",
              "props": Object {
                "children": "Documentation",
                "className": "btn btn-info",
                "type": "button",
              },
              "ref": null,
              "rendered": "Documentation",
              "type": "button",
            },
            "type": [Function],
          },
          Object {
            "instance": null,
            "key": undefined,
            "nodeType": "class",
            "props": Object {
              "children": <button
                className="btn btn-info"
                type="button"
              >
                Contact
              </button>,
              "replace": false,
              "to": "/contact",
            },
            "ref": null,
            "rendered": Object {
              "instance": null,
              "key": undefined,
              "nodeType": "host",
              "props": Object {
                "children": "Contact",
                "className": "btn btn-info",
                "type": "button",
              },
              "ref": null,
              "rendered": "Contact",
              "type": "button",
            },
            "type": [Function],
          },
        ],
        "type": "div",
      },
    ],
    "type": Symbol(react.fragment),
  },
  Symbol(enzyme.__nodes__): Array [
    Object {
      "instance": null,
      "key": undefined,
      "nodeType": "function",
      "props": Object {
        "children": Array [
          <nav
            className="navbar"
          >
            <div
              className="navbar-brand"
              to="/"
            >
              Keen.io use example
            </div>
          </nav>,
          <div
            className="btn-group"
            role="group"
          >
            <Link
              replace={false}
              to="/"
            >
              <button
                className="btn btn-info"
                type="button"
              >
                Home
              </button>
            </Link>
            <Link
              replace={false}
              to="/info"
            >
              <button
                className="btn btn-info"
                type="button"
              >
                Info
              </button>
            </Link>
            <Link
              replace={false}
              to="/about"
            >
              <button
                className="btn btn-info"
                type="button"
              >
                About
              </button>
            </Link>
            <Link
              replace={false}
              to="/pricing"
            >
              <button
                className="btn btn-info"
                type="button"
              >
                Pricing
              </button>
            </Link>
            <Link
              replace={false}
              to="/company"
            >
              <button
                className="btn btn-info"
                type="button"
              >
                Company
              </button>
            </Link>
            <Link
              replace={false}
              to="/documentation"
            >
              <button
                className="btn btn-info"
                type="button"
              >
                Documentation
              </button>
            </Link>
            <Link
              replace={false}
              to="/contact"
            >
              <button
                className="btn btn-info"
                type="button"
              >
                Contact
              </button>
            </Link>
          </div>,
        ],
      },
      "ref": null,
      "rendered": Array [
        Object {
          "instance": null,
          "key": undefined,
          "nodeType": "host",
          "props": Object {
            "children": <div
              className="navbar-brand"
              to="/"
            >
              Keen.io use example
            </div>,
            "className": "navbar",
          },
          "ref": null,
          "rendered": Object {
            "instance": null,
            "key": undefined,
            "nodeType": "host",
            "props": Object {
              "children": "Keen.io use example",
              "className": "navbar-brand",
              "to": "/",
            },
            "ref": null,
            "rendered": "Keen.io use example",
            "type": "div",
          },
          "type": "nav",
        },
        Object {
          "instance": null,
          "key": undefined,
          "nodeType": "host",
          "props": Object {
            "children": Array [
              <Link
                replace={false}
                to="/"
              >
                <button
                  className="btn btn-info"
                  type="button"
                >
                  Home
                </button>
              </Link>,
              <Link
                replace={false}
                to="/info"
              >
                <button
                  className="btn btn-info"
                  type="button"
                >
                  Info
                </button>
              </Link>,
              <Link
                replace={false}
                to="/about"
              >
                <button
                  className="btn btn-info"
                  type="button"
                >
                  About
                </button>
              </Link>,
              <Link
                replace={false}
                to="/pricing"
              >
                <button
                  className="btn btn-info"
                  type="button"
                >
                  Pricing
                </button>
              </Link>,
              <Link
                replace={false}
                to="/company"
              >
                <button
                  className="btn btn-info"
                  type="button"
                >
                  Company
                </button>
              </Link>,
              <Link
                replace={false}
                to="/documentation"
              >
                <button
                  className="btn btn-info"
                  type="button"
                >
                  Documentation
                </button>
              </Link>,
              <Link
                replace={false}
                to="/contact"
              >
                <button
                  className="btn btn-info"
                  type="button"
                >
                  Contact
                </button>
              </Link>,
            ],
            "className": "btn-group",
            "role": "group",
          },
          "ref": null,
          "rendered": Array [
            Object {
              "instance": null,
              "key": undefined,
              "nodeType": "class",
              "props": Object {
                "children": <button
                  className="btn btn-info"
                  type="button"
                >
                  Home
                </button>,
                "replace": false,
                "to": "/",
              },
              "ref": null,
              "rendered": Object {
                "instance": null,
                "key": undefined,
                "nodeType": "host",
                "props": Object {
                  "children": "Home",
                  "className": "btn btn-info",
                  "type": "button",
                },
                "ref": null,
                "rendered": "Home",
                "type": "button",
              },
              "type": [Function],
            },
            Object {
              "instance": null,
              "key": undefined,
              "nodeType": "class",
              "props": Object {
                "children": <button
                  className="btn btn-info"
                  type="button"
                >
                  Info
                </button>,
                "replace": false,
                "to": "/info",
              },
              "ref": null,
              "rendered": Object {
                "instance": null,
                "key": undefined,
                "nodeType": "host",
                "props": Object {
                  "children": "Info",
                  "className": "btn btn-info",
                  "type": "button",
                },
                "ref": null,
                "rendered": "Info",
                "type": "button",
              },
              "type": [Function],
            },
            Object {
              "instance": null,
              "key": undefined,
              "nodeType": "class",
              "props": Object {
                "children": <button
                  className="btn btn-info"
                  type="button"
                >
                  About
                </button>,
                "replace": false,
                "to": "/about",
              },
              "ref": null,
              "rendered": Object {
                "instance": null,
                "key": undefined,
                "nodeType": "host",
                "props": Object {
                  "children": "About",
                  "className": "btn btn-info",
                  "type": "button",
                },
                "ref": null,
                "rendered": "About",
                "type": "button",
              },
              "type": [Function],
            },
            Object {
              "instance": null,
              "key": undefined,
              "nodeType": "class",
              "props": Object {
                "children": <button
                  className="btn btn-info"
                  type="button"
                >
                  Pricing
                </button>,
                "replace": false,
                "to": "/pricing",
              },
              "ref": null,
              "rendered": Object {
                "instance": null,
                "key": undefined,
                "nodeType": "host",
                "props": Object {
                  "children": "Pricing",
                  "className": "btn btn-info",
                  "type": "button",
                },
                "ref": null,
                "rendered": "Pricing",
                "type": "button",
              },
              "type": [Function],
            },
            Object {
              "instance": null,
              "key": undefined,
              "nodeType": "class",
              "props": Object {
                "children": <button
                  className="btn btn-info"
                  type="button"
                >
                  Company
                </button>,
                "replace": false,
                "to": "/company",
              },
              "ref": null,
              "rendered": Object {
                "instance": null,
                "key": undefined,
                "nodeType": "host",
                "props": Object {
                  "children": "Company",
                  "className": "btn btn-info",
                  "type": "button",
                },
                "ref": null,
                "rendered": "Company",
                "type": "button",
              },
              "type": [Function],
            },
            Object {
              "instance": null,
              "key": undefined,
              "nodeType": "class",
              "props": Object {
                "children": <button
                  className="btn btn-info"
                  type="button"
                >
                  Documentation
                </button>,
                "replace": false,
                "to": "/documentation",
              },
              "ref": null,
              "rendered": Object {
                "instance": null,
                "key": undefined,
                "nodeType": "host",
                "props": Object {
                  "children": "Documentation",
                  "className": "btn btn-info",
                  "type": "button",
                },
                "ref": null,
                "rendered": "Documentation",
                "type": "button",
              },
              "type": [Function],
            },
            Object {
              "instance": null,
              "key": undefined,
              "nodeType": "class",
              "props": Object {
                "children": <button
                  className="btn btn-info"
                  type="button"
                >
                  Contact
                </button>,
                "replace": false,
                "to": "/contact",
              },
              "ref": null,
              "rendered": Object {
                "instance": null,
                "key": undefined,
                "nodeType": "host",
                "props": Object {
                  "children": "Contact",
                  "className": "btn btn-info",
                  "type": "button",
                },
                "ref": null,
                "rendered": "Contact",
                "type": "button",
              },
              "type": [Function],
            },
          ],
          "type": "div",
        },
      ],
      "type": Symbol(react.fragment),
    },
  ],
  Symbol(enzyme.__options__): Object {
    "adapter": ReactSixteenAdapter {
      "options": Object {
        "enableComponentDidUpdateOnSetState": true,
        "lifecycles": Object {
          "componentDidUpdate": Object {
            "onSetState": true,
          },
          "getDerivedStateFromProps": true,
          "getSnapshotBeforeUpdate": true,
          "setState": Object {
            "skipsComponentDidUpdateOnNullish": true,
          },
        },
      },
    },
  },
}
`;
